2025-09-02 06:59:00.198 [info] [main] Log level: Info
2025-09-02 06:59:00.198 [info] [main] Validating found git in: "git"
2025-09-02 06:59:00.198 [info] [main] Using git "2.43.0" from "git"
2025-09-02 06:59:00.198 [info] [Model][doInitialScan] Initial repository scan started
2025-09-02 06:59:00.198 [info] > git rev-parse --show-toplevel [80ms]
2025-09-02 06:59:00.198 [info] fatal: not a git repository (or any of the parent directories): .git
2025-09-02 06:59:00.198 [info] > git rev-parse --show-toplevel [7ms]
2025-09-02 06:59:00.198 [info] fatal: not a git repository (or any of the parent directories): .git
2025-09-02 06:59:00.198 [info] > git rev-parse --show-toplevel [4ms]
2025-09-02 06:59:00.198 [info] fatal: not a git repository (or any of the parent directories): .git
2025-09-02 06:59:00.198 [info] > git rev-parse --show-toplevel [2ms]
2025-09-02 06:59:00.198 [info] fatal: not a git repository (or any of the parent directories): .git
2025-09-02 06:59:00.198 [info] > git rev-parse --show-toplevel [82ms]
2025-09-02 06:59:00.198 [info] fatal: not a git repository (or any of the parent directories): .git
2025-09-02 06:59:00.198 [info] > git rev-parse --show-toplevel [4ms]
2025-09-02 06:59:00.198 [info] fatal: not a git repository (or any of the parent directories): .git
2025-09-02 06:59:00.198 [info] [Model][doInitialScan] Initial repository scan completed - repositories (0), closed repositories (0), parent repositories (0), unsafe repositories (0)
2025-09-02 06:59:00.587 [info] > git rev-parse --show-toplevel [4ms]
2025-09-02 06:59:00.587 [info] fatal: not a git repository (or any of the parent directories): .git
2025-09-02 06:59:00.784 [info] > git rev-parse --show-toplevel [80ms]
2025-09-02 06:59:00.784 [info] fatal: not a git repository (or any of the parent directories): .git
2025-09-02 06:59:01.106 [info] > git rev-parse --show-toplevel [6ms]
2025-09-02 06:59:01.106 [info] fatal: not a git repository (or any of the parent directories): .git
2025-09-02 06:59:01.388 [info] > git rev-parse --show-toplevel [7ms]
2025-09-02 06:59:01.388 [info] fatal: not a git repository (or any of the parent directories): .git
2025-09-02 06:59:02.589 [info] > git rev-parse --show-toplevel [3ms]
2025-09-02 06:59:02.589 [info] fatal: not a git repository (or any of the parent directories): .git
2025-09-02 06:59:02.601 [info] > git rev-parse --show-toplevel [2ms]
2025-09-02 06:59:02.601 [info] fatal: not a git repository (or any of the parent directories): .git
2025-09-02 06:59:04.786 [info] > git rev-parse --show-toplevel [82ms]
2025-09-02 06:59:04.786 [info] fatal: not a git repository (or any of the parent directories): .git
2025-09-02 07:01:36.298 [info] > git rev-parse --show-toplevel [3ms]
2025-09-02 07:01:36.298 [info] fatal: not a git repository (or any of the parent directories): .git
2025-09-02 07:01:46.381 [info] > git rev-parse --show-toplevel [2ms]
2025-09-02 07:01:46.381 [info] fatal: not a git repository (or any of the parent directories): .git
2025-09-02 07:01:58.012 [info] > git rev-parse --show-toplevel [2ms]
2025-09-02 07:01:58.013 [info] fatal: not a git repository (or any of the parent directories): .git
2025-09-02 07:02:05.362 [info] > git rev-parse --show-toplevel [2ms]
2025-09-02 07:02:05.362 [info] fatal: not a git repository (or any of the parent directories): .git
2025-09-02 07:02:13.672 [info] > git rev-parse --show-toplevel [3ms]
2025-09-02 07:02:13.672 [info] fatal: not a git repository (or any of the parent directories): .git
2025-09-02 07:03:21.044 [info] > git rev-parse --show-toplevel [2ms]
2025-09-02 07:03:21.044 [info] fatal: not a git repository (or any of the parent directories): .git
2025-09-02 07:03:44.854 [info] > git rev-parse --show-toplevel [3ms]
2025-09-02 07:03:44.854 [info] fatal: not a git repository (or any of the parent directories): .git
2025-09-02 07:08:48.163 [info] > git rev-parse --show-toplevel [180ms]
2025-09-02 07:08:48.164 [info] fatal: not a git repository (or any of the parent directories): .git
2025-09-02 07:11:54.252 [info] > git rev-parse --show-toplevel [460ms]
2025-09-02 07:11:54.254 [info] fatal: not a git repository (or any of the parent directories): .git
2025-09-02 07:12:23.761 [info] > git rev-parse --show-toplevel [372ms]
2025-09-02 07:12:23.761 [info] fatal: not a git repository (or any of the parent directories): .git
2025-09-02 07:22:44.052 [info] > git rev-parse --show-toplevel [166ms]
2025-09-02 07:22:44.088 [info] fatal: not a git repository (or any of the parent directories): .git
2025-09-02 07:25:51.301 [info] > git rev-parse --show-toplevel [2708ms]
2025-09-02 07:25:51.349 [info] fatal: not a git repository (or any of the parent directories): .git
2025-09-02 07:25:54.188 [info] > git rev-parse --show-toplevel [2805ms]
2025-09-02 07:25:54.188 [info] fatal: not a git repository (or any of the parent directories): .git
2025-09-02 07:25:56.986 [info] > git rev-parse --show-toplevel [2785ms]
2025-09-02 07:25:56.986 [info] fatal: not a git repository (or any of the parent directories): .git
2025-09-02 08:33:46.294 [info] > git rev-parse --show-toplevel [191ms]
2025-09-02 08:33:46.302 [info] fatal: not a git repository (or any of the parent directories): .git
2025-09-02 08:34:49.695 [info] > git rev-parse --show-toplevel [108ms]
2025-09-02 08:34:49.885 [info] fatal: not a git repository (or any of the parent directories): .git
2025-09-02 08:36:47.782 [info] > git rev-parse --show-toplevel [27ms]
2025-09-02 08:36:47.782 [info] fatal: not a git repository (or any of the parent directories): .git
2025-09-02 08:37:52.786 [info] > git rev-parse --show-toplevel [91ms]
2025-09-02 08:37:52.786 [info] fatal: not a git repository (or any of the parent directories): .git
2025-09-02 08:40:37.287 [info] > git rev-parse --show-toplevel [19ms]
2025-09-02 08:40:37.288 [info] fatal: not a git repository (or any of the parent directories): .git
2025-09-02 08:43:28.878 [info] > git rev-parse --show-toplevel [3ms]
2025-09-02 08:43:28.878 [info] fatal: not a git repository (or any of the parent directories): .git
2025-09-02 08:44:47.819 [info] > git rev-parse --show-toplevel [3ms]
2025-09-02 08:44:47.819 [info] fatal: not a git repository (or any of the parent directories): .git
2025-09-02 08:49:19.695 [info] > git rev-parse --show-toplevel [3ms]
2025-09-02 08:49:19.696 [info] fatal: not a git repository (or any of the parent directories): .git
2025-09-02 08:49:20.991 [info] > git rev-parse --show-toplevel [3ms]
2025-09-02 08:49:20.991 [info] fatal: not a git repository (or any of the parent directories): .git
2025-09-02 08:49:22.628 [info] > git rev-parse --show-toplevel [2ms]
2025-09-02 08:49:22.628 [info] fatal: not a git repository (or any of the parent directories): .git
2025-09-02 08:49:26.119 [info] > git rev-parse --show-toplevel [2ms]
2025-09-02 08:49:26.119 [info] fatal: not a git repository (or any of the parent directories): .git
2025-09-02 08:49:29.580 [info] > git rev-parse --show-toplevel [2ms]
2025-09-02 08:49:29.580 [info] fatal: not a git repository (or any of the parent directories): .git
2025-09-02 08:49:33.163 [info] > git rev-parse --show-toplevel [3ms]
2025-09-02 08:49:33.163 [info] fatal: not a git repository (or any of the parent directories): .git
2025-09-02 08:49:35.660 [info] > git rev-parse --show-toplevel [3ms]
2025-09-02 08:49:35.660 [info] fatal: not a git repository (or any of the parent directories): .git
2025-09-02 09:13:23.486 [info] > git rev-parse --show-toplevel [124ms]
2025-09-02 09:13:23.486 [info] fatal: not a git repository (or any of the parent directories): .git
2025-09-02 09:16:24.486 [info] > git rev-parse --show-toplevel [224ms]
2025-09-02 09:16:24.487 [info] fatal: not a git repository (or any of the parent directories): .git
2025-09-02 09:16:30.693 [info] > git rev-parse --show-toplevel [34ms]
2025-09-02 09:16:30.962 [info] > git rev-parse --git-dir --git-common-dir --show-superproject-working-tree [73ms]
2025-09-02 09:16:31.190 [info] [Model][openRepository] Opened repository (path): /home/vsysuser/workspace/week1_riscv_assignments
2025-09-02 09:16:31.190 [info] [Model][openRepository] Opened repository (real path): /home/vsysuser/workspace/week1_riscv_assignments
2025-09-02 09:16:31.190 [info] [Model][openRepository] Opened repository (kind): repository
2025-09-02 09:16:31.256 [info] [Git][getWorktreesFS] Worktree detection is disabled, skipping worktree detection
2025-09-02 09:16:31.357 [info] > git config --get commit.template [8ms]
2025-09-02 09:16:31.483 [info] > git for-each-ref --format=%(refname)%00%(upstream:short)%00%(objectname)%00%(upstream:track)%00%(upstream:remotename)%00%(upstream:remoteref) refs/heads/master refs/remotes/master [85ms]
2025-09-02 09:16:31.487 [warning] [Git][getBranch] No such branch: master
2025-09-02 09:16:31.686 [info] > git status -z -uall [103ms]
2025-09-02 09:16:31.692 [info] > git for-each-ref --sort -committerdate --format %(refname)%00%(objectname)%00%(*objectname) [8ms]
2025-09-02 09:16:31.952 [info] [Git][getWorktreesFS] Worktree detection is disabled, skipping worktree detection
2025-09-02 09:16:31.989 [info] > git for-each-ref --format=%(refname)%00%(upstream:short)%00%(objectname)%00%(upstream:track)%00%(upstream:remotename)%00%(upstream:remoteref) refs/heads/master refs/remotes/master [126ms]
2025-09-02 09:16:31.989 [warning] [Git][getBranch] No such branch: master
2025-09-02 09:16:31.992 [error] [GitHistoryProvider][resolveHEADMergeBase] Failed to resolve merge base for master: Error: No such branch: master.
2025-09-02 09:16:32.055 [info] > git config --get commit.template [68ms]
2025-09-02 09:16:32.182 [info] > git for-each-ref --format=%(refname)%00%(upstream:short)%00%(objectname)%00%(upstream:track)%00%(upstream:remotename)%00%(upstream:remoteref) refs/heads/master refs/remotes/master [27ms]
2025-09-02 09:16:32.182 [warning] [Git][getBranch] No such branch: master
2025-09-02 09:16:32.352 [info] > git status -z -uall [102ms]
2025-09-02 09:16:32.356 [info] > git for-each-ref --sort -committerdate --format %(refname)%00%(objectname)%00%(*objectname) [6ms]
2025-09-02 09:16:36.187 [info] > git check-ignore -v -z --stdin [4ms]
2025-09-02 09:18:06.187 [info] [Git][getWorktreesFS] Worktree detection is disabled, skipping worktree detection
2025-09-02 09:18:06.205 [info] > git config --get commit.template [10ms]
2025-09-02 09:18:06.206 [info] > git for-each-ref --format=%(refname)%00%(upstream:short)%00%(objectname)%00%(upstream:track)%00%(upstream:remotename)%00%(upstream:remoteref) refs/heads/main refs/remotes/main [4ms]
2025-09-02 09:18:06.206 [warning] [Git][getBranch] No such branch: main
2025-09-02 09:18:06.290 [info] > git status -z -uall [75ms]
2025-09-02 09:18:06.292 [info] > git for-each-ref --sort -committerdate --format %(refname)%00%(objectname)%00%(*objectname) [4ms]
2025-09-02 09:18:06.304 [info] > git for-each-ref --format=%(refname)%00%(upstream:short)%00%(objectname)%00%(upstream:track)%00%(upstream:remotename)%00%(upstream:remoteref) refs/heads/main refs/remotes/main [3ms]
2025-09-02 09:18:06.304 [warning] [Git][getBranch] No such branch: main
2025-09-02 09:18:06.305 [error] [GitHistoryProvider][resolveHEADMergeBase] Failed to resolve merge base for main: Error: No such branch: main.
2025-09-02 09:18:13.282 [info] > git rev-parse --show-toplevel [3ms]
2025-09-02 09:18:13.282 [info] fatal: not a git repository (or any of the parent directories): .git
2025-09-02 09:18:34.260 [info] > git rev-parse --show-toplevel [2ms]
2025-09-02 09:18:34.260 [info] fatal: not a git repository (or any of the parent directories): .git
2025-09-02 09:18:50.885 [info] [Git][getWorktreesFS] Worktree detection is disabled, skipping worktree detection
2025-09-02 09:18:50.891 [warning] [Git][getHEAD] Failed to parse HEAD file: ENOENT: no such file or directory, open '/home/vsysuser/workspace/week1_riscv_assignments/.git/HEAD'
2025-09-02 09:18:50.902 [warning] [Git][getRemotes] Error: ENOENT: no such file or directory, open '/home/vsysuser/workspace/week1_riscv_assignments/.git/config'
2025-09-02 09:18:50.905 [info] [Git][getWorktreesFS] Worktree detection is disabled, skipping worktree detection
2025-09-02 09:18:50.917 [warning] [Git][getHEAD] Failed to parse HEAD file: ENOENT: no such file or directory, open '/home/vsysuser/workspace/week1_riscv_assignments/.git/HEAD'
2025-09-02 09:18:50.926 [warning] [Git][getRemotes] Error: ENOENT: no such file or directory, open '/home/vsysuser/workspace/week1_riscv_assignments/.git/config'
2025-09-02 09:20:43.259 [info] > git rev-parse --show-toplevel [5ms]
2025-09-02 09:20:43.452 [info] > git rev-parse --git-dir --git-common-dir --show-superproject-working-tree [97ms]
2025-09-02 09:20:43.661 [info] [Model][openRepository] Opened repository (path): /home/vsysuser/workspace
2025-09-02 09:20:43.661 [info] [Model][openRepository] Opened repository (real path): /home/vsysuser/workspace
2025-09-02 09:20:43.661 [info] [Model][openRepository] Opened repository (kind): repository
2025-09-02 09:20:43.687 [info] [Git][getWorktreesFS] Worktree detection is disabled, skipping worktree detection
2025-09-02 09:20:43.987 [info] [Git][getRemotes] No remotes found in the git config file
2025-09-02 09:20:44.053 [info] > git for-each-ref --format=%(refname)%00%(upstream:short)%00%(objectname)%00%(upstream:track)%00%(upstream:remotename)%00%(upstream:remoteref) refs/heads/master refs/remotes/master [65ms]
2025-09-02 09:20:44.054 [warning] [Git][getBranch] No such branch: master
2025-09-02 09:20:44.054 [info] > git config --get commit.template [194ms]
2025-09-02 09:20:44.355 [info] > git for-each-ref --sort -committerdate --format %(refname)%00%(objectname)%00%(*objectname) [97ms]
2025-09-02 09:20:44.960 [info] > git status -z -uall [806ms]
2025-09-02 09:20:46.864 [info] [Git][getWorktreesFS] Worktree detection is disabled, skipping worktree detection
2025-09-02 09:20:56.851 [info] > git check-ignore -v -z --stdin [9892ms]
2025-09-02 09:20:56.863 [info] > git for-each-ref --format=%(refname)%00%(upstream:short)%00%(objectname)%00%(upstream:track)%00%(upstream:remotename)%00%(upstream:remoteref) refs/heads/master refs/remotes/master [10010ms]
2025-09-02 09:20:56.886 [warning] [Git][getBranch] No such branch: master
2025-09-02 09:20:56.887 [error] [GitHistoryProvider][resolveHEADMergeBase] Failed to resolve merge base for master: Error: No such branch: master.
2025-09-02 09:20:57.784 [info] > git config --get commit.template [1022ms]
2025-09-02 09:20:58.256 [info] [Git][getRemotes] No remotes found in the git config file
2025-09-02 09:20:58.754 [info] > git for-each-ref --format=%(refname)%00%(upstream:short)%00%(objectname)%00%(upstream:track)%00%(upstream:remotename)%00%(upstream:remoteref) refs/heads/master refs/remotes/master [498ms]
2025-09-02 09:20:58.757 [warning] [Git][getBranch] No such branch: master
2025-09-02 09:20:59.281 [info] > git for-each-ref --sort -committerdate --format %(refname)%00%(objectname)%00%(*objectname) [313ms]
2025-09-02 09:20:59.557 [info] > git status -z -uall [699ms]
2025-09-02 09:21:04.056 [info] [Git][getWorktreesFS] Worktree detection is disabled, skipping worktree detection
2025-09-02 09:21:04.372 [info] > git config --get commit.template [306ms]
2025-09-02 09:21:04.571 [info] [Git][getRemotes] No remotes found in the git config file
2025-09-02 09:21:04.884 [info] > git for-each-ref --format=%(refname)%00%(upstream:short)%00%(objectname)%00%(upstream:track)%00%(upstream:remotename)%00%(upstream:remoteref) refs/heads/master refs/remotes/master [313ms]
2025-09-02 09:21:04.885 [warning] [Git][getBranch] No such branch: master
2025-09-02 09:21:05.091 [info] > git for-each-ref --sort -committerdate --format %(refname)%00%(objectname)%00%(*objectname) [32ms]
2025-09-02 09:21:05.287 [info] > git status -z -uall [327ms]
2025-09-02 09:21:18.487 [info] [Git][getWorktreesFS] Worktree detection is disabled, skipping worktree detection
2025-09-02 09:21:18.751 [info] [Git][getRemotes] No remotes found in the git config file
2025-09-02 09:21:18.754 [info] > git config --get commit.template [165ms]
2025-09-02 09:21:18.756 [info] > git for-each-ref --format=%(refname)%00%(upstream:short)%00%(objectname)%00%(upstream:track)%00%(upstream:remotename)%00%(upstream:remoteref) refs/heads/master refs/remotes/master [5ms]
2025-09-02 09:21:18.760 [warning] [Git][getBranch] No such branch: master
2025-09-02 09:21:18.952 [info] > git for-each-ref --sort -committerdate --format %(refname)%00%(objectname)%00%(*objectname) [61ms]
2025-09-02 09:21:19.483 [info] > git status -z -uall [695ms]
2025-09-02 09:21:36.749 [info] [Git][getWorktreesFS] Worktree detection is disabled, skipping worktree detection
2025-09-02 09:21:37.691 [info] > git config --get commit.template [834ms]
2025-09-02 09:21:38.262 [info] [Git][getRemotes] No remotes found in the git config file
2025-09-02 09:21:38.986 [info] > git for-each-ref --format=%(refname)%00%(upstream:short)%00%(objectname)%00%(upstream:track)%00%(upstream:remotename)%00%(upstream:remoteref) refs/heads/master refs/remotes/master [724ms]
2025-09-02 09:21:38.987 [warning] [Git][getBranch] No such branch: master
2025-09-02 09:21:39.662 [info] > git for-each-ref --sort -committerdate --format %(refname)%00%(objectname)%00%(*objectname) [472ms]
2025-09-02 09:21:40.152 [info] > git status -z -uall [1068ms]
2025-09-02 09:21:56.066 [info] [Git][getWorktreesFS] Worktree detection is disabled, skipping worktree detection
2025-09-02 09:21:56.459 [info] > git config --get commit.template [376ms]
2025-09-02 09:21:57.592 [info] > git for-each-ref --format=%(refname)%00%(upstream:short)%00%(objectname)%00%(upstream:track)%00%(upstream:remotename)%00%(upstream:remoteref) refs/heads/master refs/remotes/master [628ms]
2025-09-02 09:21:57.592 [warning] [Git][getBranch] No such branch: master
2025-09-02 09:21:57.853 [info] > git for-each-ref --sort -committerdate --format %(refname)%00%(objectname)%00%(*objectname) [97ms]
2025-09-02 09:21:58.463 [info] > git status -z -uall [781ms]
2025-09-02 09:22:05.551 [info] [Git][getWorktreesFS] Worktree detection is disabled, skipping worktree detection
2025-09-02 09:22:05.670 [info] > git config --get commit.template [109ms]
2025-09-02 09:22:05.864 [info] > git for-each-ref --format=%(refname)%00%(upstream:short)%00%(objectname)%00%(upstream:track)%00%(upstream:remotename)%00%(upstream:remoteref) refs/heads/master refs/remotes/master [93ms]
2025-09-02 09:22:05.864 [warning] [Git][getBranch] No such branch: master
2025-09-02 09:22:06.050 [info] > git for-each-ref --sort -committerdate --format %(refname)%00%(objectname)%00%(*objectname) [94ms]
2025-09-02 09:22:06.181 [info] > git status -z -uall [291ms]
2025-09-02 09:22:11.455 [info] [Git][getWorktreesFS] Worktree detection is disabled, skipping worktree detection
2025-09-02 09:22:11.587 [info] > git config --get commit.template [25ms]
2025-09-02 09:22:11.750 [info] > git for-each-ref --format=%(refname)%00%(upstream:short)%00%(objectname)%00%(upstream:track)%00%(upstream:remotename)%00%(upstream:remoteref) refs/heads/master refs/remotes/master [84ms]
2025-09-02 09:22:11.750 [warning] [Git][getBranch] No such branch: master
2025-09-02 09:22:11.865 [info] > git for-each-ref --sort -committerdate --format %(refname)%00%(objectname)%00%(*objectname) [13ms]
2025-09-02 09:22:12.251 [info] > git status -z -uall [489ms]
2025-09-02 09:22:17.459 [info] [Git][getWorktreesFS] Worktree detection is disabled, skipping worktree detection
2025-09-02 09:22:18.156 [info] > git config --get commit.template [71ms]
2025-09-02 09:22:18.851 [info] > git for-each-ref --format=%(refname)%00%(upstream:short)%00%(objectname)%00%(upstream:track)%00%(upstream:remotename)%00%(upstream:remoteref) refs/heads/master refs/remotes/master [579ms]
2025-09-02 09:22:18.854 [warning] [Git][getBranch] No such branch: master
2025-09-02 09:22:19.186 [info] > git for-each-ref --sort -committerdate --format %(refname)%00%(objectname)%00%(*objectname) [19ms]
2025-09-02 09:22:19.861 [info] > git status -z -uall [877ms]
2025-09-02 09:22:52.978 [info] [Git][getWorktreesFS] Worktree detection is disabled, skipping worktree detection
2025-09-02 09:22:53.575 [info] > git config --get commit.template [521ms]
2025-09-02 09:22:55.384 [info] > git for-each-ref --format=%(refname)%00%(upstream:short)%00%(objectname)%00%(upstream:track)%00%(upstream:remotename)%00%(upstream:remoteref) refs/heads/master refs/remotes/master [1322ms]
2025-09-02 09:22:55.384 [warning] [Git][getBranch] No such branch: master
2025-09-02 09:22:55.781 [info] > git for-each-ref --sort -committerdate --format %(refname)%00%(objectname)%00%(*objectname) [129ms]
2025-09-02 09:22:56.950 [info] > git status -z -uall [1489ms]
2025-09-02 09:23:02.583 [info] [Git][getWorktreesFS] Worktree detection is disabled, skipping worktree detection
2025-09-02 09:23:04.264 [info] > git config --get commit.template [1474ms]
2025-09-02 09:23:05.964 [info] > git for-each-ref --format=%(refname)%00%(upstream:short)%00%(objectname)%00%(upstream:track)%00%(upstream:remotename)%00%(upstream:remoteref) refs/heads/master refs/remotes/master [979ms]
2025-09-02 09:23:05.965 [warning] [Git][getBranch] No such branch: master
2025-09-02 09:23:06.192 [info] > git for-each-ref --sort -committerdate --format %(refname)%00%(objectname)%00%(*objectname) [111ms]
2025-09-02 09:23:06.660 [info] > git status -z -uall [687ms]
2025-09-02 09:23:37.192 [info] [Git][getWorktreesFS] Worktree detection is disabled, skipping worktree detection
2025-09-02 09:23:37.787 [info] > git config --get commit.template [505ms]
2025-09-02 09:23:38.464 [info] > git for-each-ref --format=%(refname)%00%(upstream:short)%00%(objectname)%00%(upstream:track)%00%(upstream:remotename)%00%(upstream:remoteref) refs/heads/master refs/remotes/master [401ms]
2025-09-02 09:23:38.481 [warning] [Git][getBranch] No such branch: master
2025-09-02 09:23:38.684 [info] > git for-each-ref --sort -committerdate --format %(refname)%00%(objectname)%00%(*objectname) [92ms]
2025-09-02 09:23:39.352 [info] > git status -z -uall [861ms]
2025-09-02 09:23:44.851 [info] [Git][getWorktreesFS] Worktree detection is disabled, skipping worktree detection
2025-09-02 09:23:45.154 [info] > git config --get commit.template [294ms]
2025-09-02 09:23:45.486 [info] > git for-each-ref --format=%(refname)%00%(upstream:short)%00%(objectname)%00%(upstream:track)%00%(upstream:remotename)%00%(upstream:remoteref) refs/heads/master refs/remotes/master [204ms]
2025-09-02 09:23:45.487 [warning] [Git][getBranch] No such branch: master
2025-09-02 09:23:45.751 [info] > git for-each-ref --sort -committerdate --format %(refname)%00%(objectname)%00%(*objectname) [98ms]
2025-09-02 09:23:46.063 [info] > git status -z -uall [566ms]
2025-09-02 09:23:51.358 [info] [Git][getWorktreesFS] Worktree detection is disabled, skipping worktree detection
2025-09-02 09:23:51.587 [info] > git config --get commit.template [5ms]
2025-09-02 09:23:52.388 [info] > git for-each-ref --format=%(refname)%00%(upstream:short)%00%(objectname)%00%(upstream:track)%00%(upstream:remotename)%00%(upstream:remoteref) refs/heads/master refs/remotes/master [535ms]
2025-09-02 09:23:52.388 [warning] [Git][getBranch] No such branch: master
2025-09-02 09:23:52.861 [info] > git for-each-ref --sort -committerdate --format %(refname)%00%(objectname)%00%(*objectname) [10ms]
2025-09-02 09:23:52.881 [info] > git status -z -uall [331ms]
2025-09-02 09:24:07.155 [info] [Git][getWorktreesFS] Worktree detection is disabled, skipping worktree detection
2025-09-02 09:24:08.054 [info] > git config --get commit.template [859ms]
2025-09-02 09:24:08.702 [info] > git for-each-ref --format=%(refname)%00%(upstream:short)%00%(objectname)%00%(upstream:track)%00%(upstream:remotename)%00%(upstream:remoteref) refs/heads/master refs/remotes/master [239ms]
2025-09-02 09:24:08.702 [warning] [Git][getBranch] No such branch: master
2025-09-02 09:24:09.001 [info] > git for-each-ref --sort -committerdate --format %(refname)%00%(objectname)%00%(*objectname) [118ms]
2025-09-02 09:24:09.393 [info] > git status -z -uall [631ms]
2025-09-02 09:24:14.989 [info] [Git][getWorktreesFS] Worktree detection is disabled, skipping worktree detection
2025-09-02 09:24:15.453 [info] > git config --get commit.template [400ms]
2025-09-02 09:24:16.202 [info] > git for-each-ref --format=%(refname)%00%(upstream:short)%00%(objectname)%00%(upstream:track)%00%(upstream:remotename)%00%(upstream:remoteref) refs/heads/master refs/remotes/master [313ms]
2025-09-02 09:24:16.202 [warning] [Git][getBranch] No such branch: master
2025-09-02 09:24:16.484 [info] > git for-each-ref --sort -committerdate --format %(refname)%00%(objectname)%00%(*objectname) [123ms]
2025-09-02 09:24:17.063 [info] > git status -z -uall [782ms]
2025-09-02 09:24:22.594 [info] [Git][getWorktreesFS] Worktree detection is disabled, skipping worktree detection
2025-09-02 09:24:22.888 [info] > git config --get commit.template [238ms]
2025-09-02 09:24:23.100 [info] > git for-each-ref --format=%(refname)%00%(upstream:short)%00%(objectname)%00%(upstream:track)%00%(upstream:remotename)%00%(upstream:remoteref) refs/heads/master refs/remotes/master [103ms]
2025-09-02 09:24:23.100 [warning] [Git][getBranch] No such branch: master
2025-09-02 09:24:23.359 [info] > git for-each-ref --sort -committerdate --format %(refname)%00%(objectname)%00%(*objectname) [77ms]
2025-09-02 09:24:23.497 [info] > git status -z -uall [341ms]
2025-09-02 09:24:29.183 [info] [Git][getWorktreesFS] Worktree detection is disabled, skipping worktree detection
2025-09-02 09:24:29.591 [info] > git config --get commit.template [9ms]
2025-09-02 09:24:30.290 [info] > git for-each-ref --format=%(refname)%00%(upstream:short)%00%(objectname)%00%(upstream:track)%00%(upstream:remotename)%00%(upstream:remoteref) refs/heads/master refs/remotes/master [438ms]
2025-09-02 09:24:30.290 [warning] [Git][getBranch] No such branch: master
2025-09-02 09:24:30.852 [info] > git for-each-ref --sort -committerdate --format %(refname)%00%(objectname)%00%(*objectname) [64ms]
2025-09-02 09:24:31.085 [info] > git status -z -uall [633ms]
2025-09-02 09:24:42.651 [info] [Git][getWorktreesFS] Worktree detection is disabled, skipping worktree detection
2025-09-02 09:24:43.782 [info] > git config --get commit.template [881ms]
2025-09-02 09:24:45.394 [info] > git for-each-ref --format=%(refname)%00%(upstream:short)%00%(objectname)%00%(upstream:track)%00%(upstream:remotename)%00%(upstream:remoteref) refs/heads/master refs/remotes/master [743ms]
2025-09-02 09:24:46.485 [info] > git status -z -uall [887ms]
2025-09-02 09:24:46.594 [info] > git for-each-ref --sort -committerdate --format %(refname)%00%(objectname)%00%(*objectname) [740ms]
2025-09-02 09:24:51.804 [info] [Git][getWorktreesFS] Worktree detection is disabled, skipping worktree detection
2025-09-02 09:24:52.211 [info] > git config --get commit.template [356ms]
2025-09-02 09:24:52.893 [info] > git for-each-ref --format=%(refname)%00%(upstream:short)%00%(objectname)%00%(upstream:track)%00%(upstream:remotename)%00%(upstream:remoteref) refs/heads/master refs/remotes/master [387ms]
2025-09-02 09:24:53.098 [info] > git status -z -uall [191ms]
2025-09-02 09:24:53.098 [info] > git for-each-ref --sort -committerdate --format %(refname)%00%(objectname)%00%(*objectname) [48ms]
2025-09-02 09:24:58.187 [info] [Git][getWorktreesFS] Worktree detection is disabled, skipping worktree detection
2025-09-02 09:24:58.500 [info] > git config --get commit.template [300ms]
2025-09-02 09:24:59.004 [info] > git for-each-ref --format=%(refname)%00%(upstream:short)%00%(objectname)%00%(upstream:track)%00%(upstream:remotename)%00%(upstream:remoteref) refs/heads/master refs/remotes/master [245ms]
2025-09-02 09:24:59.260 [info] > git status -z -uall [200ms]
2025-09-02 09:24:59.281 [info] > git for-each-ref --sort -committerdate --format %(refname)%00%(objectname)%00%(*objectname) [93ms]
2025-09-02 09:25:01.585 [info] [Git][getWorktreesFS] Worktree detection is disabled, skipping worktree detection
2025-09-02 09:25:01.601 [info] > git config --get commit.template [4ms]
2025-09-02 09:25:01.660 [info] > git for-each-ref --format=%(refname)%00%(upstream:short)%00%(objectname)%00%(upstream:track)%00%(upstream:remotename)%00%(upstream:remoteref) refs/heads/master refs/remotes/master [4ms]
2025-09-02 09:25:01.852 [info] > git for-each-ref --sort -committerdate --format %(refname)%00%(objectname)%00%(*objectname) [56ms]
2025-09-02 09:25:01.887 [info] > git status -z -uall [194ms]
2025-09-02 09:25:04.881 [info] [Git][getWorktreesFS] Worktree detection is disabled, skipping worktree detection
2025-09-02 09:25:05.091 [info] > git config --get commit.template [36ms]
2025-09-02 09:25:05.883 [info] > git for-each-ref --format=%(refname)%00%(upstream:short)%00%(objectname)%00%(upstream:track)%00%(upstream:remotename)%00%(upstream:remoteref) refs/heads/master refs/remotes/master [593ms]
2025-09-02 09:25:06.299 [info] > git status -z -uall [302ms]
2025-09-02 09:25:06.356 [info] > git for-each-ref --sort -committerdate --format %(refname)%00%(objectname)%00%(*objectname) [74ms]
2025-09-02 09:25:15.187 [info] [Git][getWorktreesFS] Worktree detection is disabled, skipping worktree detection
2025-09-02 09:25:15.597 [info] > git config --get commit.template [9ms]
2025-09-02 09:25:17.182 [info] > git for-each-ref --format=%(refname)%00%(upstream:short)%00%(objectname)%00%(upstream:track)%00%(upstream:remotename)%00%(upstream:remoteref) refs/heads/master refs/remotes/master [1029ms]
2025-09-02 09:25:18.082 [info] > git for-each-ref --sort -committerdate --format %(refname)%00%(objectname)%00%(*objectname) [130ms]
2025-09-02 09:25:18.285 [info] > git status -z -uall [818ms]
2025-09-02 09:25:23.991 [info] [Git][getWorktreesFS] Worktree detection is disabled, skipping worktree detection
2025-09-02 09:25:25.652 [info] > git config --get commit.template [954ms]
2025-09-02 09:25:25.699 [info] > git for-each-ref --format=%(refname)%00%(upstream:short)%00%(objectname)%00%(upstream:track)%00%(upstream:remotename)%00%(upstream:remoteref) refs/heads/master refs/remotes/master [102ms]
2025-09-02 09:25:28.050 [info] > git status -z -uall [1806ms]
2025-09-02 09:25:28.053 [info] > git for-each-ref --sort -committerdate --format %(refname)%00%(objectname)%00%(*objectname) [1367ms]
2025-09-02 09:25:33.452 [info] [Git][getWorktreesFS] Worktree detection is disabled, skipping worktree detection
2025-09-02 09:25:35.651 [info] > git config --get commit.template [1064ms]
2025-09-02 09:25:37.786 [info] > git for-each-ref --format=%(refname)%00%(upstream:short)%00%(objectname)%00%(upstream:track)%00%(upstream:remotename)%00%(upstream:remoteref) refs/heads/master refs/remotes/master [1087ms]
2025-09-02 09:25:38.651 [info] > git for-each-ref --sort -committerdate --format %(refname)%00%(objectname)%00%(*objectname) [353ms]
2025-09-02 09:25:39.292 [info] > git status -z -uall [1242ms]
2025-09-02 09:27:00.491 [info] [Git][getWorktreesFS] Worktree detection is disabled, skipping worktree detection
2025-09-02 09:27:01.600 [info] > git config --get commit.template [1095ms]
2025-09-02 09:27:03.306 [info] > git for-each-ref --format=%(refname)%00%(upstream:short)%00%(objectname)%00%(upstream:track)%00%(upstream:remotename)%00%(upstream:remoteref) refs/heads/master refs/remotes/master [718ms]
2025-09-02 09:27:03.307 [warning] [Git][getBranch] No such branch: master
2025-09-02 09:27:03.590 [info] > git status -z -uall [207ms]
2025-09-02 09:27:03.590 [info] > git for-each-ref --sort -committerdate --format %(refname)%00%(objectname)%00%(*objectname) [94ms]
2025-09-02 09:27:08.693 [info] [Git][getWorktreesFS] Worktree detection is disabled, skipping worktree detection
2025-09-02 09:27:08.899 [info] > git config --get commit.template [6ms]
2025-09-02 09:27:09.496 [info] > git for-each-ref --format=%(refname)%00%(upstream:short)%00%(objectname)%00%(upstream:track)%00%(upstream:remotename)%00%(upstream:remoteref) refs/heads/main refs/remotes/main [409ms]
2025-09-02 09:27:09.896 [info] > git for-each-ref --sort -committerdate --format %(refname)%00%(objectname)%00%(*objectname) [13ms]
2025-09-02 09:27:10.590 [info] > git status -z -uall [902ms]
2025-09-02 09:27:10.897 [info] > git for-each-ref --format=%(refname)%00%(upstream:short)%00%(objectname)%00%(upstream:track)%00%(upstream:remotename)%00%(upstream:remoteref) refs/heads/main refs/remotes/main [11ms]
2025-09-02 09:27:11.196 [info] > git config --get --local branch.main.vscode-merge-base [7ms]
2025-09-02 09:27:11.196 [warning] [Git][config] git config failed: Failed to execute git
2025-09-02 09:27:11.883 [info] > git reflog main --grep-reflog=branch: Created from *. [494ms]
2025-09-02 09:27:12.198 [info] > git symbolic-ref --short refs/remotes/origin/HEAD [7ms]
2025-09-02 09:27:12.198 [info] fatal: ref refs/remotes/origin/HEAD is not a symbolic ref
2025-09-02 09:27:12.198 [warning] [Repository][getDefaultBranch] Failed to get default branch details: Failed to execute git.
2025-09-02 09:27:15.992 [info] [Git][getWorktreesFS] Worktree detection is disabled, skipping worktree detection
2025-09-02 09:27:16.492 [info] > git config --get commit.template [298ms]
2025-09-02 09:27:16.987 [info] > git for-each-ref --format=%(refname)%00%(upstream:short)%00%(objectname)%00%(upstream:track)%00%(upstream:remotename)%00%(upstream:remoteref) refs/heads/main refs/remotes/main [291ms]
2025-09-02 09:27:17.604 [info] > git status -z -uall [499ms]
2025-09-02 09:27:17.683 [info] > git for-each-ref --sort -committerdate --format %(refname)%00%(objectname)%00%(*objectname) [287ms]
2025-09-02 09:27:22.886 [info] [Git][getWorktreesFS] Worktree detection is disabled, skipping worktree detection
2025-09-02 09:27:23.598 [info] > git config --get commit.template [597ms]
2025-09-02 09:27:24.301 [info] > git for-each-ref --format=%(refname)%00%(upstream:short)%00%(objectname)%00%(upstream:track)%00%(upstream:remotename)%00%(upstream:remoteref) refs/heads/main refs/remotes/main [202ms]
2025-09-02 09:27:24.996 [info] > git status -z -uall [514ms]
2025-09-02 09:27:25.284 [info] > git for-each-ref --sort -committerdate --format %(refname)%00%(objectname)%00%(*objectname) [501ms]
2025-09-02 09:28:02.590 [info] [Git][getWorktreesFS] Worktree detection is disabled, skipping worktree detection
2025-09-02 09:28:02.882 [info] > git config --get commit.template [113ms]
2025-09-02 09:28:02.884 [info] > git for-each-ref --format=%(refname)%00%(upstream:short)%00%(objectname)%00%(upstream:track)%00%(upstream:remotename)%00%(upstream:remoteref) refs/heads/main refs/remotes/main [82ms]
2025-09-02 09:28:03.082 [info] > git for-each-ref --sort -committerdate --format %(refname)%00%(objectname)%00%(*objectname) [32ms]
2025-09-02 09:28:03.300 [info] > git status -z -uall [317ms]
2025-09-02 09:28:06.396 [info] [Git][getWorktreesFS] Worktree detection is disabled, skipping worktree detection
2025-09-02 09:28:06.901 [info] > git config --get commit.template [295ms]
2025-09-02 09:28:07.395 [info] > git for-each-ref --format=%(refname)%00%(upstream:short)%00%(objectname)%00%(upstream:track)%00%(upstream:remotename)%00%(upstream:remoteref) refs/heads/main refs/remotes/main [5ms]
2025-09-02 09:28:08.384 [info] > git status -z -uall [802ms]
2025-09-02 09:28:08.387 [info] > git for-each-ref --sort -committerdate --format %(refname)%00%(objectname)%00%(*objectname) [591ms]
2025-09-02 09:28:13.484 [info] [Git][getWorktreesFS] Worktree detection is disabled, skipping worktree detection
2025-09-02 09:28:14.799 [info] > git config --get commit.template [712ms]
2025-09-02 09:28:15.594 [info] > git for-each-ref --format=%(refname)%00%(upstream:short)%00%(objectname)%00%(upstream:track)%00%(upstream:remotename)%00%(upstream:remoteref) refs/heads/main refs/remotes/main [143ms]
2025-09-02 09:28:16.201 [info] > git status -z -uall [412ms]
2025-09-02 09:28:16.201 [info] > git for-each-ref --sort -committerdate --format %(refname)%00%(objectname)%00%(*objectname) [202ms]
2025-09-02 09:28:19.788 [info] [Git][getWorktreesFS] Worktree detection is disabled, skipping worktree detection
2025-09-02 09:28:21.304 [info] > git config --get commit.template [901ms]
2025-09-02 09:28:23.798 [info] > git for-each-ref --format=%(refname)%00%(upstream:short)%00%(objectname)%00%(upstream:track)%00%(upstream:remotename)%00%(upstream:remoteref) refs/heads/main refs/remotes/main [915ms]
2025-09-02 09:28:24.685 [info] > git status -z -uall [700ms]
2025-09-02 09:28:24.687 [info] > git for-each-ref --sort -committerdate --format %(refname)%00%(objectname)%00%(*objectname) [389ms]
2025-09-02 09:28:29.192 [info] [Git][getWorktreesFS] Worktree detection is disabled, skipping worktree detection
2025-09-02 09:28:31.506 [info] > git config --get commit.template [2105ms]
2025-09-02 09:28:33.392 [info] > git for-each-ref --format=%(refname)%00%(upstream:short)%00%(objectname)%00%(upstream:track)%00%(upstream:remotename)%00%(upstream:remoteref) refs/heads/main refs/remotes/main [709ms]
2025-09-02 09:28:33.602 [info] > git status -z -uall [197ms]
2025-09-02 09:28:33.603 [info] > git for-each-ref --sort -committerdate --format %(refname)%00%(objectname)%00%(*objectname) [97ms]
2025-09-02 09:28:38.895 [info] [Git][getWorktreesFS] Worktree detection is disabled, skipping worktree detection
2025-09-02 09:28:39.693 [info] > git config --get commit.template [784ms]
2025-09-02 09:28:40.690 [info] > git for-each-ref --format=%(refname)%00%(upstream:short)%00%(objectname)%00%(upstream:track)%00%(upstream:remotename)%00%(upstream:remoteref) refs/heads/main refs/remotes/main [672ms]
2025-09-02 09:28:40.898 [info] > git status -z -uall [195ms]
2025-09-02 09:28:40.898 [info] > git for-each-ref --sort -committerdate --format %(refname)%00%(objectname)%00%(*objectname) [95ms]
2025-09-02 09:28:51.591 [info] [Git][getWorktreesFS] Worktree detection is disabled, skipping worktree detection
2025-09-02 09:28:51.687 [info] > git config --get commit.template [80ms]
2025-09-02 09:28:51.716 [info] > git for-each-ref --format=%(refname)%00%(upstream:short)%00%(objectname)%00%(upstream:track)%00%(upstream:remotename)%00%(upstream:remoteref) refs/heads/main refs/remotes/main [16ms]
2025-09-02 09:28:51.902 [info] > git for-each-ref --sort -committerdate --format %(refname)%00%(objectname)%00%(*objectname) [6ms]
2025-09-02 09:28:51.984 [info] > git status -z -uall [194ms]
2025-09-02 09:28:51.992 [info] [Git][getWorktreesFS] Worktree detection is disabled, skipping worktree detection
2025-09-02 09:28:52.095 [info] > git for-each-ref --format=%(refname)%00%(upstream:short)%00%(objectname)%00%(upstream:track)%00%(upstream:remotename)%00%(upstream:remoteref) refs/heads/main refs/remotes/main [6ms]
2025-09-02 09:28:52.095 [info] > git config --get commit.template [89ms]
2025-09-02 09:28:52.290 [info] > git for-each-ref --sort -committerdate --format %(refname)%00%(objectname)%00%(*objectname) [5ms]
2025-09-02 09:28:52.294 [info] > git status -z -uall [185ms]
2025-09-02 09:28:56.993 [info] [Git][getWorktreesFS] Worktree detection is disabled, skipping worktree detection
2025-09-02 09:28:57.292 [info] > git config --get commit.template [101ms]
2025-09-02 09:28:57.485 [info] > git for-each-ref --format=%(refname)%00%(upstream:short)%00%(objectname)%00%(upstream:track)%00%(upstream:remotename)%00%(upstream:remoteref) refs/heads/main refs/remotes/main [100ms]
2025-09-02 09:28:57.850 [info] > git for-each-ref --sort -committerdate --format %(refname)%00%(objectname)%00%(*objectname) [69ms]
2025-09-02 09:28:57.998 [info] > git status -z -uall [417ms]
2025-09-02 09:29:03.085 [info] [Git][getWorktreesFS] Worktree detection is disabled, skipping worktree detection
2025-09-02 09:29:03.200 [info] > git config --get commit.template [93ms]
2025-09-02 09:29:03.202 [info] > git for-each-ref --format=%(refname)%00%(upstream:short)%00%(objectname)%00%(upstream:track)%00%(upstream:remotename)%00%(upstream:remoteref) refs/heads/main refs/remotes/main [5ms]
2025-09-02 09:29:03.396 [info] > git for-each-ref --sort -committerdate --format %(refname)%00%(objectname)%00%(*objectname) [3ms]
2025-09-02 09:29:03.600 [info] > git status -z -uall [302ms]
2025-09-02 09:29:12.280 [info] [Git][getWorktreesFS] Worktree detection is disabled, skipping worktree detection
2025-09-02 09:29:12.307 [info] > git config --get commit.template [14ms]
2025-09-02 09:29:12.309 [info] > git for-each-ref --format=%(refname)%00%(upstream:short)%00%(objectname)%00%(upstream:track)%00%(upstream:remotename)%00%(upstream:remoteref) refs/heads/main refs/remotes/main [3ms]
2025-09-02 09:29:12.495 [info] > git for-each-ref --sort -committerdate --format %(refname)%00%(objectname)%00%(*objectname) [3ms]
2025-09-02 09:29:12.497 [info] > git status -z -uall [176ms]
2025-09-02 09:29:12.586 [info] > git merge-base refs/heads/main refs/remotes/origin/main [4ms]
2025-09-02 09:29:12.604 [info] > git diff --name-status -z --diff-filter=ADMR 7cec3caaf16d1d468ce8984ba5d73dec8f3171ae...refs/remotes/origin/main [4ms]
2025-09-02 09:29:14.345 [info] [Git][getWorktreesFS] Worktree detection is disabled, skipping worktree detection
2025-09-02 09:29:14.372 [info] > git config --get commit.template [14ms]
2025-09-02 09:29:14.373 [info] > git for-each-ref --format=%(refname)%00%(upstream:short)%00%(objectname)%00%(upstream:track)%00%(upstream:remotename)%00%(upstream:remoteref) refs/heads/main refs/remotes/main [2ms]
2025-09-02 09:29:14.556 [info] > git for-each-ref --sort -committerdate --format %(refname)%00%(objectname)%00%(*objectname) [4ms]
2025-09-02 09:29:14.569 [info] > git status -z -uall [182ms]
2025-09-02 09:29:19.573 [info] [Git][getWorktreesFS] Worktree detection is disabled, skipping worktree detection
2025-09-02 09:29:19.589 [info] > git config --get commit.template [3ms]
2025-09-02 09:29:19.604 [info] > git for-each-ref --format=%(refname)%00%(upstream:short)%00%(objectname)%00%(upstream:track)%00%(upstream:remotename)%00%(upstream:remoteref) refs/heads/main refs/remotes/main [3ms]
2025-09-02 09:29:19.785 [info] > git for-each-ref --sort -committerdate --format %(refname)%00%(objectname)%00%(*objectname) [31ms]
2025-09-02 09:29:19.798 [info] > git status -z -uall [181ms]
2025-09-02 09:30:10.897 [info] [Git][getWorktreesFS] Worktree detection is disabled, skipping worktree detection
2025-09-02 09:30:10.925 [info] > git config --get commit.template [14ms]
2025-09-02 09:30:10.926 [info] > git for-each-ref --format=%(refname)%00%(upstream:short)%00%(objectname)%00%(upstream:track)%00%(upstream:remotename)%00%(upstream:remoteref) refs/heads/main refs/remotes/main [2ms]
2025-09-02 09:30:11.100 [info] > git for-each-ref --sort -committerdate --format %(refname)%00%(objectname)%00%(*objectname) [5ms]
2025-09-02 09:30:11.186 [info] > git status -z -uall [200ms]
2025-09-02 09:30:16.191 [info] [Git][getWorktreesFS] Worktree detection is disabled, skipping worktree detection
2025-09-02 09:30:16.220 [info] > git config --get commit.template [15ms]
2025-09-02 09:30:16.223 [info] > git for-each-ref --format=%(refname)%00%(upstream:short)%00%(objectname)%00%(upstream:track)%00%(upstream:remotename)%00%(upstream:remoteref) refs/heads/main refs/remotes/main [4ms]
2025-09-02 09:30:16.398 [info] > git for-each-ref --sort -committerdate --format %(refname)%00%(objectname)%00%(*objectname) [5ms]
2025-09-02 09:30:16.401 [info] > git status -z -uall [116ms]
2025-09-02 09:30:40.558 [info] [Git][getWorktreesFS] Worktree detection is disabled, skipping worktree detection
2025-09-02 09:30:40.586 [info] > git config --get commit.template [14ms]
2025-09-02 09:30:40.588 [info] > git for-each-ref --format=%(refname)%00%(upstream:short)%00%(objectname)%00%(upstream:track)%00%(upstream:remotename)%00%(upstream:remoteref) refs/heads/main refs/remotes/main [3ms]
2025-09-02 09:30:40.762 [info] > git for-each-ref --sort -committerdate --format %(refname)%00%(objectname)%00%(*objectname) [2ms]
2025-09-02 09:30:40.784 [info] > git status -z -uall [134ms]
