2025-09-14 10:46:38.985 [info] Reading sessions from keychain...
2025-09-14 10:46:38.985 [info] Getting sessions for all scopes...
2025-09-14 10:46:38.985 [info] Got 0 sessions for ...
2025-09-14 10:46:38.985 [info] Getting sessions for all scopes...
2025-09-14 10:46:38.985 [info] Got 0 sessions for ...
2025-09-14 10:46:38.985 [info] Getting sessions for all scopes...
2025-09-14 10:46:38.985 [info] Got 0 sessions for ...
2025-09-14 10:46:38.985 [info] Getting sessions for all scopes...
2025-09-14 10:46:38.985 [info] Got 0 sessions for ...
2025-09-14 10:46:38.985 [info] Getting sessions for all scopes...
2025-09-14 10:46:38.985 [info] Got 0 sessions for ...
2025-09-14 10:46:39.036 [info] Getting sessions for read:user,repo,user:email,workflow...
2025-09-14 10:46:39.036 [info] Got 0 sessions for read:user,repo,user:email,workflow...
2025-09-14 10:46:39.149 [info] Getting sessions for read:user,repo,user:email,workflow...
2025-09-14 10:46:39.149 [info] Got 0 sessions for read:user,repo,user:email,workflow...
2025-09-14 11:28:34.393 [info] Getting sessions for read:user,repo,user:email,workflow...
2025-09-14 11:28:34.394 [info] Got 0 sessions for read:user,repo,user:email,workflow...
2025-09-14 11:28:36.054 [info] Logging in with 'any' account...
2025-09-14 11:28:36.054 [info] Logging in for the following scopes: read:user repo user:email workflow
2025-09-14 11:28:36.191 [info] Trying device code flow... (read:user repo user:email workflow)
2025-09-14 11:29:08.572 [info] Getting user info...
2025-09-14 11:29:09.359 [info] Got account info!
2025-09-14 11:29:09.360 [info] Storing 1 sessions...
2025-09-14 11:29:09.717 [info] Reading sessions from keychain...
2025-09-14 11:29:09.717 [info] Stored 1 sessions!
2025-09-14 11:29:09.717 [info] Login success!
2025-09-14 11:29:09.760 [info] Got stored sessions!
2025-09-14 11:29:09.761 [info] Got 1 verified sessions.
2025-09-14 11:29:09.850 [info] Getting sessions for read:user,repo,user:email,workflow...
2025-09-14 11:29:09.850 [info] Got 1 sessions for read:user,repo,user:email,workflow...
2025-09-14 11:30:15.670 [info] Getting sessions for read:user,repo,user:email,workflow...
2025-09-14 11:30:15.670 [info] Got 1 sessions for read:user,repo,user:email,workflow...
