2025-09-10 08:03:28.758 [info] Reading sessions from keychain...
2025-09-10 08:03:28.759 [info] Getting sessions for all scopes...
2025-09-10 08:03:28.759 [info] Got 0 sessions for ...
2025-09-10 08:03:28.759 [info] Getting sessions for all scopes...
2025-09-10 08:03:28.759 [info] Got 0 sessions for ...
2025-09-10 08:03:28.759 [info] Getting sessions for all scopes...
2025-09-10 08:03:28.759 [info] Got 0 sessions for ...
2025-09-10 08:03:28.759 [info] Getting sessions for all scopes...
2025-09-10 08:03:28.759 [info] Got 0 sessions for ...
2025-09-10 08:03:28.759 [info] Getting sessions for all scopes...
2025-09-10 08:03:28.759 [info] Got 0 sessions for ...
2025-09-10 08:03:28.803 [info] Getting sessions for read:user,repo,user:email,workflow...
2025-09-10 08:03:28.804 [info] Got 0 sessions for read:user,repo,user:email,workflow...
2025-09-10 09:13:48.460 [info] Getting sessions for read:user,repo,user:email,workflow...
2025-09-10 09:13:48.460 [info] Got 0 sessions for read:user,repo,user:email,workflow...
2025-09-10 09:13:50.786 [info] Logging in with 'any' account...
2025-09-10 09:13:50.786 [info] Logging in for the following scopes: read:user repo user:email workflow
2025-09-10 09:13:50.884 [info] Trying device code flow... (read:user repo user:email workflow)
2025-09-10 09:15:42.025 [info] Getting user info...
2025-09-10 09:15:42.679 [info] Got account info!
2025-09-10 09:15:42.680 [info] Storing 1 sessions...
2025-09-10 09:15:42.763 [info] Reading sessions from keychain...
2025-09-10 09:15:42.763 [info] Stored 1 sessions!
2025-09-10 09:15:42.763 [info] Login success!
2025-09-10 09:15:42.820 [info] Got stored sessions!
2025-09-10 09:15:42.821 [info] Got 1 verified sessions.
2025-09-10 09:15:42.950 [info] Getting sessions for read:user,repo,user:email,workflow...
2025-09-10 09:15:42.950 [info] Got 1 sessions for read:user,repo,user:email,workflow...
2025-09-10 09:16:28.882 [info] Getting sessions for read:user,repo,user:email,workflow...
2025-09-10 09:16:28.882 [info] Got 1 sessions for read:user,repo,user:email,workflow...
2025-09-10 10:26:52.899 [info] Getting sessions for read:user,repo,user:email,workflow...
2025-09-10 10:26:52.900 [info] Got 1 sessions for read:user,repo,user:email,workflow...
